*** Using Compiler 'V5.06 update 7 (build 960)', folder: 'D:\k5\k5\ARM\ARMCC\Bin'
Rebuild target 'BootLodar_ZET6'
assembling startup_stm32f103xe.s...
compiling usart.c...
compiling stm32f1xx_hal_gpio_ex.c...
compiling stm32f1xx_it.c...
compiling stm32f1xx_hal.c...
compiling stm32f1xx_hal_tim_ex.c...
compiling stm32f1xx_hal_gpio.c...
compiling stm32f1xx_hal_tim.c...
compiling stm32f1xx_hal_uart.c...
compiling main.c...
compiling stm32f1xx_hal_cortex.c...
compiling gpio.c...
compiling stm32f1xx_hal_msp.c...
compiling stm32f1xx_hal_rcc_ex.c...
compiling stm32f1xx_hal_dma.c...
compiling stm32f1xx_hal_rcc.c...
compiling system_stm32f1xx.c...
compiling stm32f1xx_hal_pwr.c...
compiling int_bootloader.c...
compiling stm32f1xx_hal_flash_ex.c...
compiling stm32f1xx_hal_flash.c...
compiling stm32f1xx_hal_exti.c...
linking...
Program Size: Code=8688 RO-data=380 RW-data=40 ZI-data=1640  
FromELF: creating hex file...
"BootLodar_ZET6\BootLodar_ZET6.axf" - 0 Error(s), 0 Warning(s).
Build Time Elapsed:  00:00:13
